45
0x0015
0x00e0
0x0000
0x0000
0x0000
0x0014
0x00a4
0x0000
0x0000
0x0000
0x0011
0x00b9
0x0000
0x0000
0x0000
0x0011
0x0099
0x0000
0x0000
0x0000
0x0016
0x00b9
0x0000
0x0000
0x0000
0x0014
0x0080
0x0000
0x0000
0x0000
0x0013
0x0077
0x0000
0x0000
0x0000
0x0015
0x008a
0x0000
0x0000
0x0000
0x000f
0x005e
0x0000
0x0000
0x0000
